<?xml version="1.0" encoding="UTF-8"?>
<TestRun id="81acc30e-76ce-4a37-95c6-76abd4809d56" name="Sazan@VIETBEASTLAPTOP 2012-02-14 13:08:10" runUser="VietBeastLaptop\Sazan" xmlns="http://microsoft.com/schemas/VisualStudio/TeamTest/2010">
  <TestSettings name="Local" id="0cf157e1-6e26-4dd6-8238-f2896789c664">
    <Description>These are default test settings for a local test run.</Description>
    <Deployment enabled="false" runDeploymentRoot="Sazan_VIETBEASTLAPTOP 2012-02-14 13_08_10">
      <DeploymentItem filename="C:\Users\Sazan\Documents\Projects\Visual Studio\General\ProjectCow\ProjectCow\ProjectCow\bin\x86\Debug\ProjectCow.exe" />
    </Deployment>
    <Execution>
      <TestTypeSpecific />
      <AgentRule name="Execution Agents">
      </AgentRule>
    </Execution>
  </TestSettings>
  <Times creation="2012-02-14T13:08:10.0637987-06:00" queuing="2012-02-14T13:08:10.1188018-06:00" start="2012-02-14T13:08:10.1258022-06:00" finish="2012-02-14T13:08:10.3618157-06:00" />
  <ResultSummary outcome="Completed">
    <Counters total="5" executed="5" passed="5" error="0" failed="0" timeout="0" aborted="0" inconclusive="0" passedButRunAborted="0" notRunnable="0" notExecuted="0" disconnected="0" warning="0" completed="0" inProgress="0" pending="0" />
  </ResultSummary>
  <TestDefinitions>
    <UnitTest name="UpInputTest" storage="c:\users\sazan\documents\projects\visual studio\general\projectcow\projectcowtest\bin\debug\projectcowtest.dll" id="58550877-0f0d-0116-6cba-c9de52709a18">
      <Execution id="2dc07cc2-023c-41ab-9048-d0f1d451f981" />
      <TestMethod codeBase="C:/Users/Sazan/Documents/Projects/Visual Studio/General/ProjectCow/ProjectCowTest/bin/Debug/ProjectCowTest.DLL" adapterTypeName="Microsoft.VisualStudio.TestTools.TestTypes.Unit.UnitTestAdapter, Microsoft.VisualStudio.QualityTools.Tips.UnitTest.Adapter, Version=10.0.0.0, Culture=neutral, PublicKeyToken=b03f5f7f11d50a3a" className="ProjectCowTest.SpaceshipInputManagerTest, ProjectCowTest, Version=1.0.0.0, Culture=neutral, PublicKeyToken=null" name="UpInputTest" />
    </UnitTest>
    <UnitTest name="DownInputTest" storage="c:\users\sazan\documents\projects\visual studio\general\projectcow\projectcowtest\bin\debug\projectcowtest.dll" id="5242c20b-7ba7-ea02-19d4-5f40234ca4f0">
      <Execution id="9a3ad86c-ec80-4773-b135-64ab47f9bf77" />
      <TestMethod codeBase="C:/Users/Sazan/Documents/Projects/Visual Studio/General/ProjectCow/ProjectCowTest/bin/Debug/ProjectCowTest.DLL" adapterTypeName="Microsoft.VisualStudio.TestTools.TestTypes.Unit.UnitTestAdapter, Microsoft.VisualStudio.QualityTools.Tips.UnitTest.Adapter, Version=10.0.0.0, Culture=neutral, PublicKeyToken=b03f5f7f11d50a3a" className="ProjectCowTest.SpaceshipInputManagerTest, ProjectCowTest, Version=1.0.0.0, Culture=neutral, PublicKeyToken=null" name="DownInputTest" />
    </UnitTest>
    <UnitTest name="LeftInputTest" storage="c:\users\sazan\documents\projects\visual studio\general\projectcow\projectcowtest\bin\debug\projectcowtest.dll" id="0195d3d9-3842-082a-0a73-666702ddd1d4">
      <Execution id="234b54ee-aff9-444c-8003-8d9d01fe8cd6" />
      <TestMethod codeBase="C:/Users/Sazan/Documents/Projects/Visual Studio/General/ProjectCow/ProjectCowTest/bin/Debug/ProjectCowTest.DLL" adapterTypeName="Microsoft.VisualStudio.TestTools.TestTypes.Unit.UnitTestAdapter, Microsoft.VisualStudio.QualityTools.Tips.UnitTest.Adapter, Version=10.0.0.0, Culture=neutral, PublicKeyToken=b03f5f7f11d50a3a" className="ProjectCowTest.SpaceshipInputManagerTest, ProjectCowTest, Version=1.0.0.0, Culture=neutral, PublicKeyToken=null" name="LeftInputTest" />
    </UnitTest>
    <UnitTest name="RightInputTest" storage="c:\users\sazan\documents\projects\visual studio\general\projectcow\projectcowtest\bin\debug\projectcowtest.dll" id="533e95b8-8d46-b3dd-d0e5-99726e6d7faa">
      <Execution id="29d068a3-04d8-4fd0-a815-003661434ad4" />
      <TestMethod codeBase="C:/Users/Sazan/Documents/Projects/Visual Studio/General/ProjectCow/ProjectCowTest/bin/Debug/ProjectCowTest.DLL" adapterTypeName="Microsoft.VisualStudio.TestTools.TestTypes.Unit.UnitTestAdapter, Microsoft.VisualStudio.QualityTools.Tips.UnitTest.Adapter, Version=10.0.0.0, Culture=neutral, PublicKeyToken=b03f5f7f11d50a3a" className="ProjectCowTest.SpaceshipInputManagerTest, ProjectCowTest, Version=1.0.0.0, Culture=neutral, PublicKeyToken=null" name="RightInputTest" />
    </UnitTest>
    <UnitTest name="ProcessSpaceInputTest" storage="c:\users\sazan\documents\projects\visual studio\general\projectcow\projectcowtest\bin\debug\projectcowtest.dll" id="5d5a6482-420d-43b8-2aa9-b23e025342d9">
      <Execution id="ba8479c5-e58b-4117-954e-a3996292fba8" />
      <TestMethod codeBase="C:/Users/Sazan/Documents/Projects/Visual Studio/General/ProjectCow/ProjectCowTest/bin/Debug/ProjectCowTest.DLL" adapterTypeName="Microsoft.VisualStudio.TestTools.TestTypes.Unit.UnitTestAdapter, Microsoft.VisualStudio.QualityTools.Tips.UnitTest.Adapter, Version=10.0.0.0, Culture=neutral, PublicKeyToken=b03f5f7f11d50a3a" className="ProjectCowTest.SpaceshipInputManagerTest, ProjectCowTest, Version=1.0.0.0, Culture=neutral, PublicKeyToken=null" name="ProcessSpaceInputTest" />
    </UnitTest>
  </TestDefinitions>
  <TestLists>
    <TestList name="Results Not in a List" id="8c84fa94-04c1-424b-9868-57a2d4851a1d" />
    <TestList name="All Loaded Results" id="19431567-8539-422a-85d7-44ee4e166bda" />
  </TestLists>
  <TestEntries>
    <TestEntry testId="0195d3d9-3842-082a-0a73-666702ddd1d4" executionId="234b54ee-aff9-444c-8003-8d9d01fe8cd6" testListId="8c84fa94-04c1-424b-9868-57a2d4851a1d" />
    <TestEntry testId="5242c20b-7ba7-ea02-19d4-5f40234ca4f0" executionId="9a3ad86c-ec80-4773-b135-64ab47f9bf77" testListId="8c84fa94-04c1-424b-9868-57a2d4851a1d" />
    <TestEntry testId="533e95b8-8d46-b3dd-d0e5-99726e6d7faa" executionId="29d068a3-04d8-4fd0-a815-003661434ad4" testListId="8c84fa94-04c1-424b-9868-57a2d4851a1d" />
    <TestEntry testId="58550877-0f0d-0116-6cba-c9de52709a18" executionId="2dc07cc2-023c-41ab-9048-d0f1d451f981" testListId="8c84fa94-04c1-424b-9868-57a2d4851a1d" />
    <TestEntry testId="5d5a6482-420d-43b8-2aa9-b23e025342d9" executionId="ba8479c5-e58b-4117-954e-a3996292fba8" testListId="8c84fa94-04c1-424b-9868-57a2d4851a1d" />
  </TestEntries>
  <Results>
    <UnitTestResult executionId="234b54ee-aff9-444c-8003-8d9d01fe8cd6" testId="0195d3d9-3842-082a-0a73-666702ddd1d4" testName="LeftInputTest" computerName="VIETBEASTLAPTOP" duration="00:00:00.0167692" startTime="2012-02-14T13:08:10.1288024-06:00" endTime="2012-02-14T13:08:10.3278138-06:00" testType="13cdc9d9-ddb5-4fa4-a97d-d965ccfc6d4b" outcome="Passed" testListId="8c84fa94-04c1-424b-9868-57a2d4851a1d" relativeResultsDirectory="234b54ee-aff9-444c-8003-8d9d01fe8cd6">
    </UnitTestResult>
    <UnitTestResult executionId="9a3ad86c-ec80-4773-b135-64ab47f9bf77" testId="5242c20b-7ba7-ea02-19d4-5f40234ca4f0" testName="DownInputTest" computerName="VIETBEASTLAPTOP" duration="00:00:00.0004338" startTime="2012-02-14T13:08:10.3288138-06:00" endTime="2012-02-14T13:08:10.3318140-06:00" testType="13cdc9d9-ddb5-4fa4-a97d-d965ccfc6d4b" outcome="Passed" testListId="8c84fa94-04c1-424b-9868-57a2d4851a1d" relativeResultsDirectory="9a3ad86c-ec80-4773-b135-64ab47f9bf77">
    </UnitTestResult>
    <UnitTestResult executionId="29d068a3-04d8-4fd0-a815-003661434ad4" testId="533e95b8-8d46-b3dd-d0e5-99726e6d7faa" testName="RightInputTest" computerName="VIETBEASTLAPTOP" duration="00:00:00.0003648" startTime="2012-02-14T13:08:10.3338141-06:00" endTime="2012-02-14T13:08:10.3368143-06:00" testType="13cdc9d9-ddb5-4fa4-a97d-d965ccfc6d4b" outcome="Passed" testListId="8c84fa94-04c1-424b-9868-57a2d4851a1d" relativeResultsDirectory="29d068a3-04d8-4fd0-a815-003661434ad4">
    </UnitTestResult>
    <UnitTestResult executionId="2dc07cc2-023c-41ab-9048-d0f1d451f981" testId="58550877-0f0d-0116-6cba-c9de52709a18" testName="UpInputTest" computerName="VIETBEASTLAPTOP" duration="00:00:00.0003596" startTime="2012-02-14T13:08:10.3388144-06:00" endTime="2012-02-14T13:08:10.3418146-06:00" testType="13cdc9d9-ddb5-4fa4-a97d-d965ccfc6d4b" outcome="Passed" testListId="8c84fa94-04c1-424b-9868-57a2d4851a1d" relativeResultsDirectory="2dc07cc2-023c-41ab-9048-d0f1d451f981">
    </UnitTestResult>
    <UnitTestResult executionId="ba8479c5-e58b-4117-954e-a3996292fba8" testId="5d5a6482-420d-43b8-2aa9-b23e025342d9" testName="ProcessSpaceInputTest" computerName="VIETBEASTLAPTOP" duration="00:00:00.0004571" startTime="2012-02-14T13:08:10.3438147-06:00" endTime="2012-02-14T13:08:10.3478149-06:00" testType="13cdc9d9-ddb5-4fa4-a97d-d965ccfc6d4b" outcome="Passed" testListId="8c84fa94-04c1-424b-9868-57a2d4851a1d" relativeResultsDirectory="ba8479c5-e58b-4117-954e-a3996292fba8">
    </UnitTestResult>
  </Results>
</TestRun>