<?xml version="1.0" encoding="UTF-8"?>
<TestRun id="78999e43-5ead-4677-af43-2334d577759e" name="Sazan@VIETBEASTLAPTOP 2012-02-14 04:11:41" runUser="VietBeastLaptop\Sazan" xmlns="http://microsoft.com/schemas/VisualStudio/TeamTest/2010">
  <TestSettings name="Local" id="0cf157e1-6e26-4dd6-8238-f2896789c664">
    <Description>These are default test settings for a local test run.</Description>
    <Deployment enabled="false" runDeploymentRoot="Sazan_VIETBEASTLAPTOP 2012-02-14 04_11_41">
      <DeploymentItem filename="C:\Users\Sazan\Documents\Projects\Visual Studio\General\ProjectCow\ProjectCow\ProjectCow\bin\x86\Debug\ProjectCow.exe" />
    </Deployment>
    <Execution>
      <TestTypeSpecific />
      <AgentRule name="Execution Agents">
      </AgentRule>
    </Execution>
  </TestSettings>
  <Times creation="2012-02-14T04:11:41.0886946-06:00" queuing="2012-02-14T04:11:41.8677391-06:00" start="2012-02-14T04:11:41.9287426-06:00" finish="2012-02-14T04:11:42.8117931-06:00" />
  <ResultSummary outcome="Completed">
    <Counters total="10" executed="10" passed="10" error="0" failed="0" timeout="0" aborted="0" inconclusive="0" passedButRunAborted="0" notRunnable="0" notExecuted="0" disconnected="0" warning="0" completed="0" inProgress="0" pending="0" />
  </ResultSummary>
  <TestDefinitions>
    <UnitTest name="MoveDownTest" storage="c:\users\sazan\documents\projects\visual studio\general\projectcow\projectcowtest\bin\debug\projectcowtest.dll" id="e238371f-898d-4127-1983-f6ab8f3b9c24">
      <Execution id="53e49fc4-010f-4481-83c2-ecb9ade914a3" />
      <TestMethod codeBase="C:/Users/Sazan/Documents/Projects/Visual Studio/General/ProjectCow/ProjectCowTest/bin/Debug/ProjectCowTest.DLL" adapterTypeName="Microsoft.VisualStudio.TestTools.TestTypes.Unit.UnitTestAdapter, Microsoft.VisualStudio.QualityTools.Tips.UnitTest.Adapter, Version=10.0.0.0, Culture=neutral, PublicKeyToken=b03f5f7f11d50a3a" className="ProjectCowTest.SpaceshipTest, ProjectCowTest, Version=1.0.0.0, Culture=neutral, PublicKeyToken=null" name="MoveDownTest" />
    </UnitTest>
    <UnitTest name="ProcessSpaceInputTest" storage="c:\users\sazan\documents\projects\visual studio\general\projectcow\projectcowtest\bin\debug\projectcowtest.dll" id="971df8d3-5efd-0f8b-84a8-29f8bc1a6742">
      <Execution id="0d631fc5-8868-4c0f-8029-705b007ee2ba" />
      <TestMethod codeBase="C:/Users/Sazan/Documents/Projects/Visual Studio/General/ProjectCow/ProjectCowTest/bin/Debug/ProjectCowTest.DLL" adapterTypeName="Microsoft.VisualStudio.TestTools.TestTypes.Unit.UnitTestAdapter, Microsoft.VisualStudio.QualityTools.Tips.UnitTest.Adapter, Version=10.0.0.0, Culture=neutral, PublicKeyToken=b03f5f7f11d50a3a" className="ProjectCowTest.SpaceshipTest, ProjectCowTest, Version=1.0.0.0, Culture=neutral, PublicKeyToken=null" name="ProcessSpaceInputTest" />
    </UnitTest>
    <UnitTest name="TurnOffTractorBeamTest" storage="c:\users\sazan\documents\projects\visual studio\general\projectcow\projectcowtest\bin\debug\projectcowtest.dll" id="22ef2ff0-bcb5-d630-d8e8-3b923aebe57c">
      <Execution id="148cf970-0843-4632-8e3b-2b22fbf99c4f" />
      <TestMethod codeBase="C:/Users/Sazan/Documents/Projects/Visual Studio/General/ProjectCow/ProjectCowTest/bin/Debug/ProjectCowTest.DLL" adapterTypeName="Microsoft.VisualStudio.TestTools.TestTypes.Unit.UnitTestAdapter, Microsoft.VisualStudio.QualityTools.Tips.UnitTest.Adapter, Version=10.0.0.0, Culture=neutral, PublicKeyToken=b03f5f7f11d50a3a" className="ProjectCowTest.SpaceshipTest, ProjectCowTest, Version=1.0.0.0, Culture=neutral, PublicKeyToken=null" name="TurnOffTractorBeamTest" />
    </UnitTest>
    <UnitTest name="ProcessUpInputTest" storage="c:\users\sazan\documents\projects\visual studio\general\projectcow\projectcowtest\bin\debug\projectcowtest.dll" id="322579d5-724a-e283-0bb0-fbe3b0158b76">
      <Execution id="845810b5-b791-490d-b061-fb146c702d07" />
      <TestMethod codeBase="C:/Users/Sazan/Documents/Projects/Visual Studio/General/ProjectCow/ProjectCowTest/bin/Debug/ProjectCowTest.DLL" adapterTypeName="Microsoft.VisualStudio.TestTools.TestTypes.Unit.UnitTestAdapter, Microsoft.VisualStudio.QualityTools.Tips.UnitTest.Adapter, Version=10.0.0.0, Culture=neutral, PublicKeyToken=b03f5f7f11d50a3a" className="ProjectCowTest.SpaceshipTest, ProjectCowTest, Version=1.0.0.0, Culture=neutral, PublicKeyToken=null" name="ProcessUpInputTest" />
    </UnitTest>
    <UnitTest name="MoveLeftTest" storage="c:\users\sazan\documents\projects\visual studio\general\projectcow\projectcowtest\bin\debug\projectcowtest.dll" id="d21f0c20-4809-e616-ccdf-616dc964b5c7">
      <Execution id="2cd04c20-67a0-4697-8847-db770bd4ee64" />
      <TestMethod codeBase="C:/Users/Sazan/Documents/Projects/Visual Studio/General/ProjectCow/ProjectCowTest/bin/Debug/ProjectCowTest.DLL" adapterTypeName="Microsoft.VisualStudio.TestTools.TestTypes.Unit.UnitTestAdapter, Microsoft.VisualStudio.QualityTools.Tips.UnitTest.Adapter, Version=10.0.0.0, Culture=neutral, PublicKeyToken=b03f5f7f11d50a3a" className="ProjectCowTest.SpaceshipTest, ProjectCowTest, Version=1.0.0.0, Culture=neutral, PublicKeyToken=null" name="MoveLeftTest" />
    </UnitTest>
    <UnitTest name="ProcessDownInputTest" storage="c:\users\sazan\documents\projects\visual studio\general\projectcow\projectcowtest\bin\debug\projectcowtest.dll" id="d5a35228-f171-a1a5-77f4-97a4d3808b67">
      <Execution id="2e107620-fdea-499b-8c8d-0d478e9d0fe2" />
      <TestMethod codeBase="C:/Users/Sazan/Documents/Projects/Visual Studio/General/ProjectCow/ProjectCowTest/bin/Debug/ProjectCowTest.DLL" adapterTypeName="Microsoft.VisualStudio.TestTools.TestTypes.Unit.UnitTestAdapter, Microsoft.VisualStudio.QualityTools.Tips.UnitTest.Adapter, Version=10.0.0.0, Culture=neutral, PublicKeyToken=b03f5f7f11d50a3a" className="ProjectCowTest.SpaceshipTest, ProjectCowTest, Version=1.0.0.0, Culture=neutral, PublicKeyToken=null" name="ProcessDownInputTest" />
    </UnitTest>
    <UnitTest name="ProcessRightInputTest" storage="c:\users\sazan\documents\projects\visual studio\general\projectcow\projectcowtest\bin\debug\projectcowtest.dll" id="2665cd88-0838-e1de-bed1-5898a7eed443">
      <Execution id="50665190-09e1-41de-9691-2df6a576172d" />
      <TestMethod codeBase="C:/Users/Sazan/Documents/Projects/Visual Studio/General/ProjectCow/ProjectCowTest/bin/Debug/ProjectCowTest.DLL" adapterTypeName="Microsoft.VisualStudio.TestTools.TestTypes.Unit.UnitTestAdapter, Microsoft.VisualStudio.QualityTools.Tips.UnitTest.Adapter, Version=10.0.0.0, Culture=neutral, PublicKeyToken=b03f5f7f11d50a3a" className="ProjectCowTest.SpaceshipTest, ProjectCowTest, Version=1.0.0.0, Culture=neutral, PublicKeyToken=null" name="ProcessRightInputTest" />
    </UnitTest>
    <UnitTest name="MoveRightTest" storage="c:\users\sazan\documents\projects\visual studio\general\projectcow\projectcowtest\bin\debug\projectcowtest.dll" id="8f327921-6561-e5da-1949-9b8c6a98b8dc">
      <Execution id="ce730114-6f36-49e3-8af1-486019b851e9" />
      <TestMethod codeBase="C:/Users/Sazan/Documents/Projects/Visual Studio/General/ProjectCow/ProjectCowTest/bin/Debug/ProjectCowTest.DLL" adapterTypeName="Microsoft.VisualStudio.TestTools.TestTypes.Unit.UnitTestAdapter, Microsoft.VisualStudio.QualityTools.Tips.UnitTest.Adapter, Version=10.0.0.0, Culture=neutral, PublicKeyToken=b03f5f7f11d50a3a" className="ProjectCowTest.SpaceshipTest, ProjectCowTest, Version=1.0.0.0, Culture=neutral, PublicKeyToken=null" name="MoveRightTest" />
    </UnitTest>
    <UnitTest name="MoveUpTest" storage="c:\users\sazan\documents\projects\visual studio\general\projectcow\projectcowtest\bin\debug\projectcowtest.dll" id="462c57fc-d3b0-3ed4-1248-c27331ea02ed">
      <Execution id="6c059f0a-b29e-472f-bfc6-32965c5eda9d" />
      <TestMethod codeBase="C:/Users/Sazan/Documents/Projects/Visual Studio/General/ProjectCow/ProjectCowTest/bin/Debug/ProjectCowTest.DLL" adapterTypeName="Microsoft.VisualStudio.TestTools.TestTypes.Unit.UnitTestAdapter, Microsoft.VisualStudio.QualityTools.Tips.UnitTest.Adapter, Version=10.0.0.0, Culture=neutral, PublicKeyToken=b03f5f7f11d50a3a" className="ProjectCowTest.SpaceshipTest, ProjectCowTest, Version=1.0.0.0, Culture=neutral, PublicKeyToken=null" name="MoveUpTest" />
    </UnitTest>
    <UnitTest name="ProcessLeftInputTest" storage="c:\users\sazan\documents\projects\visual studio\general\projectcow\projectcowtest\bin\debug\projectcowtest.dll" id="4627ecc7-fc3c-a4cb-33f2-71102ed8b3f7">
      <Execution id="f54f974d-be62-4a1f-8709-a8bb5c921acd" />
      <TestMethod codeBase="C:/Users/Sazan/Documents/Projects/Visual Studio/General/ProjectCow/ProjectCowTest/bin/Debug/ProjectCowTest.DLL" adapterTypeName="Microsoft.VisualStudio.TestTools.TestTypes.Unit.UnitTestAdapter, Microsoft.VisualStudio.QualityTools.Tips.UnitTest.Adapter, Version=10.0.0.0, Culture=neutral, PublicKeyToken=b03f5f7f11d50a3a" className="ProjectCowTest.SpaceshipTest, ProjectCowTest, Version=1.0.0.0, Culture=neutral, PublicKeyToken=null" name="ProcessLeftInputTest" />
    </UnitTest>
  </TestDefinitions>
  <TestLists>
    <TestList name="Results Not in a List" id="8c84fa94-04c1-424b-9868-57a2d4851a1d" />
    <TestList name="All Loaded Results" id="19431567-8539-422a-85d7-44ee4e166bda" />
  </TestLists>
  <TestEntries>
    <TestEntry testId="d21f0c20-4809-e616-ccdf-616dc964b5c7" executionId="2cd04c20-67a0-4697-8847-db770bd4ee64" testListId="8c84fa94-04c1-424b-9868-57a2d4851a1d" />
    <TestEntry testId="8f327921-6561-e5da-1949-9b8c6a98b8dc" executionId="ce730114-6f36-49e3-8af1-486019b851e9" testListId="8c84fa94-04c1-424b-9868-57a2d4851a1d" />
    <TestEntry testId="462c57fc-d3b0-3ed4-1248-c27331ea02ed" executionId="6c059f0a-b29e-472f-bfc6-32965c5eda9d" testListId="8c84fa94-04c1-424b-9868-57a2d4851a1d" />
    <TestEntry testId="e238371f-898d-4127-1983-f6ab8f3b9c24" executionId="53e49fc4-010f-4481-83c2-ecb9ade914a3" testListId="8c84fa94-04c1-424b-9868-57a2d4851a1d" />
    <TestEntry testId="4627ecc7-fc3c-a4cb-33f2-71102ed8b3f7" executionId="f54f974d-be62-4a1f-8709-a8bb5c921acd" testListId="8c84fa94-04c1-424b-9868-57a2d4851a1d" />
    <TestEntry testId="2665cd88-0838-e1de-bed1-5898a7eed443" executionId="50665190-09e1-41de-9691-2df6a576172d" testListId="8c84fa94-04c1-424b-9868-57a2d4851a1d" />
    <TestEntry testId="322579d5-724a-e283-0bb0-fbe3b0158b76" executionId="845810b5-b791-490d-b061-fb146c702d07" testListId="8c84fa94-04c1-424b-9868-57a2d4851a1d" />
    <TestEntry testId="d5a35228-f171-a1a5-77f4-97a4d3808b67" executionId="2e107620-fdea-499b-8c8d-0d478e9d0fe2" testListId="8c84fa94-04c1-424b-9868-57a2d4851a1d" />
    <TestEntry testId="971df8d3-5efd-0f8b-84a8-29f8bc1a6742" executionId="0d631fc5-8868-4c0f-8029-705b007ee2ba" testListId="8c84fa94-04c1-424b-9868-57a2d4851a1d" />
    <TestEntry testId="22ef2ff0-bcb5-d630-d8e8-3b923aebe57c" executionId="148cf970-0843-4632-8e3b-2b22fbf99c4f" testListId="8c84fa94-04c1-424b-9868-57a2d4851a1d" />
  </TestEntries>
  <Results>
    <UnitTestResult executionId="2cd04c20-67a0-4697-8847-db770bd4ee64" testId="d21f0c20-4809-e616-ccdf-616dc964b5c7" testName="MoveLeftTest" computerName="VIETBEASTLAPTOP" duration="00:00:00.0619008" startTime="2012-02-14T04:11:41.9807456-06:00" endTime="2012-02-14T04:11:42.6547842-06:00" testType="13cdc9d9-ddb5-4fa4-a97d-d965ccfc6d4b" outcome="Passed" testListId="8c84fa94-04c1-424b-9868-57a2d4851a1d" relativeResultsDirectory="2cd04c20-67a0-4697-8847-db770bd4ee64">
    </UnitTestResult>
    <UnitTestResult executionId="ce730114-6f36-49e3-8af1-486019b851e9" testId="8f327921-6561-e5da-1949-9b8c6a98b8dc" testName="MoveRightTest" computerName="VIETBEASTLAPTOP" duration="00:00:00.0003648" startTime="2012-02-14T04:11:42.6607845-06:00" endTime="2012-02-14T04:11:42.6667848-06:00" testType="13cdc9d9-ddb5-4fa4-a97d-d965ccfc6d4b" outcome="Passed" testListId="8c84fa94-04c1-424b-9868-57a2d4851a1d" relativeResultsDirectory="ce730114-6f36-49e3-8af1-486019b851e9">
    </UnitTestResult>
    <UnitTestResult executionId="6c059f0a-b29e-472f-bfc6-32965c5eda9d" testId="462c57fc-d3b0-3ed4-1248-c27331ea02ed" testName="MoveUpTest" computerName="VIETBEASTLAPTOP" duration="00:00:00.0003522" startTime="2012-02-14T04:11:42.6757854-06:00" endTime="2012-02-14T04:11:42.6797856-06:00" testType="13cdc9d9-ddb5-4fa4-a97d-d965ccfc6d4b" outcome="Passed" testListId="8c84fa94-04c1-424b-9868-57a2d4851a1d" relativeResultsDirectory="6c059f0a-b29e-472f-bfc6-32965c5eda9d">
    </UnitTestResult>
    <UnitTestResult executionId="53e49fc4-010f-4481-83c2-ecb9ade914a3" testId="e238371f-898d-4127-1983-f6ab8f3b9c24" testName="MoveDownTest" computerName="VIETBEASTLAPTOP" duration="00:00:00.0003391" startTime="2012-02-14T04:11:42.6837858-06:00" endTime="2012-02-14T04:11:42.6887861-06:00" testType="13cdc9d9-ddb5-4fa4-a97d-d965ccfc6d4b" outcome="Passed" testListId="8c84fa94-04c1-424b-9868-57a2d4851a1d" relativeResultsDirectory="53e49fc4-010f-4481-83c2-ecb9ade914a3">
    </UnitTestResult>
    <UnitTestResult executionId="f54f974d-be62-4a1f-8709-a8bb5c921acd" testId="4627ecc7-fc3c-a4cb-33f2-71102ed8b3f7" testName="ProcessLeftInputTest" computerName="VIETBEASTLAPTOP" duration="00:00:00.0026697" startTime="2012-02-14T04:11:42.6917863-06:00" endTime="2012-02-14T04:11:42.6987867-06:00" testType="13cdc9d9-ddb5-4fa4-a97d-d965ccfc6d4b" outcome="Passed" testListId="8c84fa94-04c1-424b-9868-57a2d4851a1d" relativeResultsDirectory="f54f974d-be62-4a1f-8709-a8bb5c921acd">
    </UnitTestResult>
    <UnitTestResult executionId="50665190-09e1-41de-9691-2df6a576172d" testId="2665cd88-0838-e1de-bed1-5898a7eed443" testName="ProcessRightInputTest" computerName="VIETBEASTLAPTOP" duration="00:00:00.0003144" startTime="2012-02-14T04:11:42.7077872-06:00" endTime="2012-02-14T04:11:42.7137875-06:00" testType="13cdc9d9-ddb5-4fa4-a97d-d965ccfc6d4b" outcome="Passed" testListId="8c84fa94-04c1-424b-9868-57a2d4851a1d" relativeResultsDirectory="50665190-09e1-41de-9691-2df6a576172d">
    </UnitTestResult>
    <UnitTestResult executionId="845810b5-b791-490d-b061-fb146c702d07" testId="322579d5-724a-e283-0bb0-fbe3b0158b76" testName="ProcessUpInputTest" computerName="VIETBEASTLAPTOP" duration="00:00:00.0003988" startTime="2012-02-14T04:11:42.7267883-06:00" endTime="2012-02-14T04:11:42.7327886-06:00" testType="13cdc9d9-ddb5-4fa4-a97d-d965ccfc6d4b" outcome="Passed" testListId="8c84fa94-04c1-424b-9868-57a2d4851a1d" relativeResultsDirectory="845810b5-b791-490d-b061-fb146c702d07">
    </UnitTestResult>
    <UnitTestResult executionId="2e107620-fdea-499b-8c8d-0d478e9d0fe2" testId="d5a35228-f171-a1a5-77f4-97a4d3808b67" testName="ProcessDownInputTest" computerName="VIETBEASTLAPTOP" duration="00:00:00.0003190" startTime="2012-02-14T04:11:42.7467894-06:00" endTime="2012-02-14T04:11:42.7517897-06:00" testType="13cdc9d9-ddb5-4fa4-a97d-d965ccfc6d4b" outcome="Passed" testListId="8c84fa94-04c1-424b-9868-57a2d4851a1d" relativeResultsDirectory="2e107620-fdea-499b-8c8d-0d478e9d0fe2">
    </UnitTestResult>
    <UnitTestResult executionId="0d631fc5-8868-4c0f-8029-705b007ee2ba" testId="971df8d3-5efd-0f8b-84a8-29f8bc1a6742" testName="ProcessSpaceInputTest" computerName="VIETBEASTLAPTOP" duration="00:00:00.0003377" startTime="2012-02-14T04:11:42.7547899-06:00" endTime="2012-02-14T04:11:42.7587901-06:00" testType="13cdc9d9-ddb5-4fa4-a97d-d965ccfc6d4b" outcome="Passed" testListId="8c84fa94-04c1-424b-9868-57a2d4851a1d" relativeResultsDirectory="0d631fc5-8868-4c0f-8029-705b007ee2ba">
    </UnitTestResult>
    <UnitTestResult executionId="148cf970-0843-4632-8e3b-2b22fbf99c4f" testId="22ef2ff0-bcb5-d630-d8e8-3b923aebe57c" testName="TurnOffTractorBeamTest" computerName="VIETBEASTLAPTOP" duration="00:00:00.0002994" startTime="2012-02-14T04:11:42.7617903-06:00" endTime="2012-02-14T04:11:42.7657905-06:00" testType="13cdc9d9-ddb5-4fa4-a97d-d965ccfc6d4b" outcome="Passed" testListId="8c84fa94-04c1-424b-9868-57a2d4851a1d" relativeResultsDirectory="148cf970-0843-4632-8e3b-2b22fbf99c4f">
    </UnitTestResult>
  </Results>
</TestRun>