<?xml version="1.0" encoding="UTF-8"?>
<TestRun id="d7b641c9-5404-46bb-abaf-c7d13fb7327b" name="Sazan@VIETBEASTLAPTOP 2012-02-14 15:06:27" runUser="VietBeastLaptop\Sazan" xmlns="http://microsoft.com/schemas/VisualStudio/TeamTest/2010">
  <TestSettings name="Local" id="0cf157e1-6e26-4dd6-8238-f2896789c664">
    <Description>These are default test settings for a local test run.</Description>
    <Deployment enabled="false" runDeploymentRoot="Sazan_VIETBEASTLAPTOP 2012-02-14 15_06_27">
      <DeploymentItem filename="C:\Users\Sazan\Documents\Projects\Visual Studio\General\ProjectCow\ProjectCow\ProjectCow\bin\x86\Debug\ProjectCow.exe" />
    </Deployment>
    <Execution>
      <TestTypeSpecific />
      <AgentRule name="Execution Agents">
      </AgentRule>
    </Execution>
  </TestSettings>
  <Times creation="2012-02-14T15:06:27.8587693-06:00" queuing="2012-02-14T15:06:27.9057720-06:00" start="2012-02-14T15:06:27.9127724-06:00" finish="2012-02-14T15:06:28.2157897-06:00" />
  <ResultSummary outcome="Completed">
    <Counters total="12" executed="12" passed="12" error="0" failed="0" timeout="0" aborted="0" inconclusive="0" passedButRunAborted="0" notRunnable="0" notExecuted="0" disconnected="0" warning="0" completed="0" inProgress="0" pending="0" />
  </ResultSummary>
  <TestDefinitions>
    <UnitTest name="DownInputTest" storage="c:\users\sazan\documents\projects\visual studio\general\projectcow\projectcowtest\bin\debug\projectcowtest.dll" id="5242c20b-7ba7-ea02-19d4-5f40234ca4f0">
      <Execution id="99d2e53b-25cf-49e9-ac83-1564dfc1d589" />
      <TestMethod codeBase="C:/Users/Sazan/Documents/Projects/Visual Studio/General/ProjectCow/ProjectCowTest/bin/Debug/ProjectCowTest.DLL" adapterTypeName="Microsoft.VisualStudio.TestTools.TestTypes.Unit.UnitTestAdapter, Microsoft.VisualStudio.QualityTools.Tips.UnitTest.Adapter, Version=10.0.0.0, Culture=neutral, PublicKeyToken=b03f5f7f11d50a3a" className="ProjectCowTest.SpaceshipInputManagerTest, ProjectCowTest, Version=1.0.0.0, Culture=neutral, PublicKeyToken=null" name="DownInputTest" />
    </UnitTest>
    <UnitTest name="MoveUpTest" storage="c:\users\sazan\documents\projects\visual studio\general\projectcow\projectcowtest\bin\debug\projectcowtest.dll" id="462c57fc-d3b0-3ed4-1248-c27331ea02ed">
      <Execution id="cd566a47-bafc-456f-a5fc-4f4e0516c6a4" />
      <TestMethod codeBase="C:/Users/Sazan/Documents/Projects/Visual Studio/General/ProjectCow/ProjectCowTest/bin/Debug/ProjectCowTest.DLL" adapterTypeName="Microsoft.VisualStudio.TestTools.TestTypes.Unit.UnitTestAdapter, Microsoft.VisualStudio.QualityTools.Tips.UnitTest.Adapter, Version=10.0.0.0, Culture=neutral, PublicKeyToken=b03f5f7f11d50a3a" className="ProjectCowTest.SpaceshipTest, ProjectCowTest, Version=1.0.0.0, Culture=neutral, PublicKeyToken=null" name="MoveUpTest" />
    </UnitTest>
    <UnitTest name="RightBoundaryTest" storage="c:\users\sazan\documents\projects\visual studio\general\projectcow\projectcowtest\bin\debug\projectcowtest.dll" id="929f2b1d-965a-da12-a9c6-365386852e1d">
      <Execution id="de04b473-5cb6-4b03-ae2a-c4c59abccc98" />
      <TestMethod codeBase="C:/Users/Sazan/Documents/Projects/Visual Studio/General/ProjectCow/ProjectCowTest/bin/Debug/ProjectCowTest.DLL" adapterTypeName="Microsoft.VisualStudio.TestTools.TestTypes.Unit.UnitTestAdapter, Microsoft.VisualStudio.QualityTools.Tips.UnitTest.Adapter, Version=10.0.0.0, Culture=neutral, PublicKeyToken=b03f5f7f11d50a3a" className="ProjectCowTest.SpaceshipTest, ProjectCowTest, Version=1.0.0.0, Culture=neutral, PublicKeyToken=null" name="RightBoundaryTest" />
    </UnitTest>
    <UnitTest name="RightInputTest" storage="c:\users\sazan\documents\projects\visual studio\general\projectcow\projectcowtest\bin\debug\projectcowtest.dll" id="533e95b8-8d46-b3dd-d0e5-99726e6d7faa">
      <Execution id="c947f9be-badb-43df-a0f6-64197f4287f4" />
      <TestMethod codeBase="C:/Users/Sazan/Documents/Projects/Visual Studio/General/ProjectCow/ProjectCowTest/bin/Debug/ProjectCowTest.DLL" adapterTypeName="Microsoft.VisualStudio.TestTools.TestTypes.Unit.UnitTestAdapter, Microsoft.VisualStudio.QualityTools.Tips.UnitTest.Adapter, Version=10.0.0.0, Culture=neutral, PublicKeyToken=b03f5f7f11d50a3a" className="ProjectCowTest.SpaceshipInputManagerTest, ProjectCowTest, Version=1.0.0.0, Culture=neutral, PublicKeyToken=null" name="RightInputTest" />
    </UnitTest>
    <UnitTest name="UpInputTest" storage="c:\users\sazan\documents\projects\visual studio\general\projectcow\projectcowtest\bin\debug\projectcowtest.dll" id="58550877-0f0d-0116-6cba-c9de52709a18">
      <Execution id="241ac23c-024a-4575-9e2a-9d6263971e9f" />
      <TestMethod codeBase="C:/Users/Sazan/Documents/Projects/Visual Studio/General/ProjectCow/ProjectCowTest/bin/Debug/ProjectCowTest.DLL" adapterTypeName="Microsoft.VisualStudio.TestTools.TestTypes.Unit.UnitTestAdapter, Microsoft.VisualStudio.QualityTools.Tips.UnitTest.Adapter, Version=10.0.0.0, Culture=neutral, PublicKeyToken=b03f5f7f11d50a3a" className="ProjectCowTest.SpaceshipInputManagerTest, ProjectCowTest, Version=1.0.0.0, Culture=neutral, PublicKeyToken=null" name="UpInputTest" />
    </UnitTest>
    <UnitTest name="LeftBoundaryTest" storage="c:\users\sazan\documents\projects\visual studio\general\projectcow\projectcowtest\bin\debug\projectcowtest.dll" id="c339b4fb-778d-3306-7ea2-4edf321d3414">
      <Execution id="843a8863-8d1b-4336-b99e-e312fd9899bf" />
      <TestMethod codeBase="C:/Users/Sazan/Documents/Projects/Visual Studio/General/ProjectCow/ProjectCowTest/bin/Debug/ProjectCowTest.DLL" adapterTypeName="Microsoft.VisualStudio.TestTools.TestTypes.Unit.UnitTestAdapter, Microsoft.VisualStudio.QualityTools.Tips.UnitTest.Adapter, Version=10.0.0.0, Culture=neutral, PublicKeyToken=b03f5f7f11d50a3a" className="ProjectCowTest.SpaceshipTest, ProjectCowTest, Version=1.0.0.0, Culture=neutral, PublicKeyToken=null" name="LeftBoundaryTest" />
    </UnitTest>
    <UnitTest name="MoveLeftTest" storage="c:\users\sazan\documents\projects\visual studio\general\projectcow\projectcowtest\bin\debug\projectcowtest.dll" id="d21f0c20-4809-e616-ccdf-616dc964b5c7">
      <Execution id="a465cc40-d60b-4da8-b238-197dbd45ab6e" />
      <TestMethod codeBase="C:/Users/Sazan/Documents/Projects/Visual Studio/General/ProjectCow/ProjectCowTest/bin/Debug/ProjectCowTest.DLL" adapterTypeName="Microsoft.VisualStudio.TestTools.TestTypes.Unit.UnitTestAdapter, Microsoft.VisualStudio.QualityTools.Tips.UnitTest.Adapter, Version=10.0.0.0, Culture=neutral, PublicKeyToken=b03f5f7f11d50a3a" className="ProjectCowTest.SpaceshipTest, ProjectCowTest, Version=1.0.0.0, Culture=neutral, PublicKeyToken=null" name="MoveLeftTest" />
    </UnitTest>
    <UnitTest name="ProcessSpaceInputTest" storage="c:\users\sazan\documents\projects\visual studio\general\projectcow\projectcowtest\bin\debug\projectcowtest.dll" id="5d5a6482-420d-43b8-2aa9-b23e025342d9">
      <Execution id="9892dc58-4f75-49ed-b401-40b769e10137" />
      <TestMethod codeBase="C:/Users/Sazan/Documents/Projects/Visual Studio/General/ProjectCow/ProjectCowTest/bin/Debug/ProjectCowTest.DLL" adapterTypeName="Microsoft.VisualStudio.TestTools.TestTypes.Unit.UnitTestAdapter, Microsoft.VisualStudio.QualityTools.Tips.UnitTest.Adapter, Version=10.0.0.0, Culture=neutral, PublicKeyToken=b03f5f7f11d50a3a" className="ProjectCowTest.SpaceshipInputManagerTest, ProjectCowTest, Version=1.0.0.0, Culture=neutral, PublicKeyToken=null" name="ProcessSpaceInputTest" />
    </UnitTest>
    <UnitTest name="MoveDownTest" storage="c:\users\sazan\documents\projects\visual studio\general\projectcow\projectcowtest\bin\debug\projectcowtest.dll" id="e238371f-898d-4127-1983-f6ab8f3b9c24">
      <Execution id="43464d91-53ff-42f9-be6d-7e1521e4325c" />
      <TestMethod codeBase="C:/Users/Sazan/Documents/Projects/Visual Studio/General/ProjectCow/ProjectCowTest/bin/Debug/ProjectCowTest.DLL" adapterTypeName="Microsoft.VisualStudio.TestTools.TestTypes.Unit.UnitTestAdapter, Microsoft.VisualStudio.QualityTools.Tips.UnitTest.Adapter, Version=10.0.0.0, Culture=neutral, PublicKeyToken=b03f5f7f11d50a3a" className="ProjectCowTest.SpaceshipTest, ProjectCowTest, Version=1.0.0.0, Culture=neutral, PublicKeyToken=null" name="MoveDownTest" />
    </UnitTest>
    <UnitTest name="TopBoundaryTest" storage="c:\users\sazan\documents\projects\visual studio\general\projectcow\projectcowtest\bin\debug\projectcowtest.dll" id="29e6c651-a0ee-5e25-292d-6af9fd614962">
      <Execution id="1108235e-9262-4793-8ef7-21fa589c754d" />
      <TestMethod codeBase="C:/Users/Sazan/Documents/Projects/Visual Studio/General/ProjectCow/ProjectCowTest/bin/Debug/ProjectCowTest.DLL" adapterTypeName="Microsoft.VisualStudio.TestTools.TestTypes.Unit.UnitTestAdapter, Microsoft.VisualStudio.QualityTools.Tips.UnitTest.Adapter, Version=10.0.0.0, Culture=neutral, PublicKeyToken=b03f5f7f11d50a3a" className="ProjectCowTest.SpaceshipTest, ProjectCowTest, Version=1.0.0.0, Culture=neutral, PublicKeyToken=null" name="TopBoundaryTest" />
    </UnitTest>
    <UnitTest name="LeftInputTest" storage="c:\users\sazan\documents\projects\visual studio\general\projectcow\projectcowtest\bin\debug\projectcowtest.dll" id="0195d3d9-3842-082a-0a73-666702ddd1d4">
      <Execution id="6be4048c-3065-45ac-a5a6-b05ddeaa3a00" />
      <TestMethod codeBase="C:/Users/Sazan/Documents/Projects/Visual Studio/General/ProjectCow/ProjectCowTest/bin/Debug/ProjectCowTest.DLL" adapterTypeName="Microsoft.VisualStudio.TestTools.TestTypes.Unit.UnitTestAdapter, Microsoft.VisualStudio.QualityTools.Tips.UnitTest.Adapter, Version=10.0.0.0, Culture=neutral, PublicKeyToken=b03f5f7f11d50a3a" className="ProjectCowTest.SpaceshipInputManagerTest, ProjectCowTest, Version=1.0.0.0, Culture=neutral, PublicKeyToken=null" name="LeftInputTest" />
    </UnitTest>
    <UnitTest name="MoveRightTest" storage="c:\users\sazan\documents\projects\visual studio\general\projectcow\projectcowtest\bin\debug\projectcowtest.dll" id="8f327921-6561-e5da-1949-9b8c6a98b8dc">
      <Execution id="7bc7b47f-13cc-45e4-868c-738e037c9037" />
      <TestMethod codeBase="C:/Users/Sazan/Documents/Projects/Visual Studio/General/ProjectCow/ProjectCowTest/bin/Debug/ProjectCowTest.DLL" adapterTypeName="Microsoft.VisualStudio.TestTools.TestTypes.Unit.UnitTestAdapter, Microsoft.VisualStudio.QualityTools.Tips.UnitTest.Adapter, Version=10.0.0.0, Culture=neutral, PublicKeyToken=b03f5f7f11d50a3a" className="ProjectCowTest.SpaceshipTest, ProjectCowTest, Version=1.0.0.0, Culture=neutral, PublicKeyToken=null" name="MoveRightTest" />
    </UnitTest>
  </TestDefinitions>
  <TestLists>
    <TestList name="Results Not in a List" id="8c84fa94-04c1-424b-9868-57a2d4851a1d" />
    <TestList name="All Loaded Results" id="19431567-8539-422a-85d7-44ee4e166bda" />
  </TestLists>
  <TestEntries>
    <TestEntry testId="0195d3d9-3842-082a-0a73-666702ddd1d4" executionId="6be4048c-3065-45ac-a5a6-b05ddeaa3a00" testListId="8c84fa94-04c1-424b-9868-57a2d4851a1d" />
    <TestEntry testId="533e95b8-8d46-b3dd-d0e5-99726e6d7faa" executionId="c947f9be-badb-43df-a0f6-64197f4287f4" testListId="8c84fa94-04c1-424b-9868-57a2d4851a1d" />
    <TestEntry testId="58550877-0f0d-0116-6cba-c9de52709a18" executionId="241ac23c-024a-4575-9e2a-9d6263971e9f" testListId="8c84fa94-04c1-424b-9868-57a2d4851a1d" />
    <TestEntry testId="5242c20b-7ba7-ea02-19d4-5f40234ca4f0" executionId="99d2e53b-25cf-49e9-ac83-1564dfc1d589" testListId="8c84fa94-04c1-424b-9868-57a2d4851a1d" />
    <TestEntry testId="5d5a6482-420d-43b8-2aa9-b23e025342d9" executionId="9892dc58-4f75-49ed-b401-40b769e10137" testListId="8c84fa94-04c1-424b-9868-57a2d4851a1d" />
    <TestEntry testId="d21f0c20-4809-e616-ccdf-616dc964b5c7" executionId="a465cc40-d60b-4da8-b238-197dbd45ab6e" testListId="8c84fa94-04c1-424b-9868-57a2d4851a1d" />
    <TestEntry testId="8f327921-6561-e5da-1949-9b8c6a98b8dc" executionId="7bc7b47f-13cc-45e4-868c-738e037c9037" testListId="8c84fa94-04c1-424b-9868-57a2d4851a1d" />
    <TestEntry testId="462c57fc-d3b0-3ed4-1248-c27331ea02ed" executionId="cd566a47-bafc-456f-a5fc-4f4e0516c6a4" testListId="8c84fa94-04c1-424b-9868-57a2d4851a1d" />
    <TestEntry testId="e238371f-898d-4127-1983-f6ab8f3b9c24" executionId="43464d91-53ff-42f9-be6d-7e1521e4325c" testListId="8c84fa94-04c1-424b-9868-57a2d4851a1d" />
    <TestEntry testId="c339b4fb-778d-3306-7ea2-4edf321d3414" executionId="843a8863-8d1b-4336-b99e-e312fd9899bf" testListId="8c84fa94-04c1-424b-9868-57a2d4851a1d" />
    <TestEntry testId="929f2b1d-965a-da12-a9c6-365386852e1d" executionId="de04b473-5cb6-4b03-ae2a-c4c59abccc98" testListId="8c84fa94-04c1-424b-9868-57a2d4851a1d" />
    <TestEntry testId="29e6c651-a0ee-5e25-292d-6af9fd614962" executionId="1108235e-9262-4793-8ef7-21fa589c754d" testListId="8c84fa94-04c1-424b-9868-57a2d4851a1d" />
  </TestEntries>
  <Results>
    <UnitTestResult executionId="6be4048c-3065-45ac-a5a6-b05ddeaa3a00" testId="0195d3d9-3842-082a-0a73-666702ddd1d4" testName="LeftInputTest" computerName="VIETBEASTLAPTOP" duration="00:00:00.0206435" startTime="2012-02-14T15:06:27.9157726-06:00" endTime="2012-02-14T15:06:28.1507860-06:00" testType="13cdc9d9-ddb5-4fa4-a97d-d965ccfc6d4b" outcome="Passed" testListId="8c84fa94-04c1-424b-9868-57a2d4851a1d" relativeResultsDirectory="6be4048c-3065-45ac-a5a6-b05ddeaa3a00">
    </UnitTestResult>
    <UnitTestResult executionId="c947f9be-badb-43df-a0f6-64197f4287f4" testId="533e95b8-8d46-b3dd-d0e5-99726e6d7faa" testName="RightInputTest" computerName="VIETBEASTLAPTOP" duration="00:00:00.0005336" startTime="2012-02-14T15:06:28.1517861-06:00" endTime="2012-02-14T15:06:28.1557863-06:00" testType="13cdc9d9-ddb5-4fa4-a97d-d965ccfc6d4b" outcome="Passed" testListId="8c84fa94-04c1-424b-9868-57a2d4851a1d" relativeResultsDirectory="c947f9be-badb-43df-a0f6-64197f4287f4">
    </UnitTestResult>
    <UnitTestResult executionId="241ac23c-024a-4575-9e2a-9d6263971e9f" testId="58550877-0f0d-0116-6cba-c9de52709a18" testName="UpInputTest" computerName="VIETBEASTLAPTOP" duration="00:00:00.0006661" startTime="2012-02-14T15:06:28.1567863-06:00" endTime="2012-02-14T15:06:28.1597865-06:00" testType="13cdc9d9-ddb5-4fa4-a97d-d965ccfc6d4b" outcome="Passed" testListId="8c84fa94-04c1-424b-9868-57a2d4851a1d" relativeResultsDirectory="241ac23c-024a-4575-9e2a-9d6263971e9f">
    </UnitTestResult>
    <UnitTestResult executionId="99d2e53b-25cf-49e9-ac83-1564dfc1d589" testId="5242c20b-7ba7-ea02-19d4-5f40234ca4f0" testName="DownInputTest" computerName="VIETBEASTLAPTOP" duration="00:00:00.0003862" startTime="2012-02-14T15:06:28.1617866-06:00" endTime="2012-02-14T15:06:28.1637867-06:00" testType="13cdc9d9-ddb5-4fa4-a97d-d965ccfc6d4b" outcome="Passed" testListId="8c84fa94-04c1-424b-9868-57a2d4851a1d" relativeResultsDirectory="99d2e53b-25cf-49e9-ac83-1564dfc1d589">
    </UnitTestResult>
    <UnitTestResult executionId="9892dc58-4f75-49ed-b401-40b769e10137" testId="5d5a6482-420d-43b8-2aa9-b23e025342d9" testName="ProcessSpaceInputTest" computerName="VIETBEASTLAPTOP" duration="00:00:00.0003246" startTime="2012-02-14T15:06:28.1647868-06:00" endTime="2012-02-14T15:06:28.1687870-06:00" testType="13cdc9d9-ddb5-4fa4-a97d-d965ccfc6d4b" outcome="Passed" testListId="8c84fa94-04c1-424b-9868-57a2d4851a1d" relativeResultsDirectory="9892dc58-4f75-49ed-b401-40b769e10137">
    </UnitTestResult>
    <UnitTestResult executionId="a465cc40-d60b-4da8-b238-197dbd45ab6e" testId="d21f0c20-4809-e616-ccdf-616dc964b5c7" testName="MoveLeftTest" computerName="VIETBEASTLAPTOP" duration="00:00:00.0002966" startTime="2012-02-14T15:06:28.1697871-06:00" endTime="2012-02-14T15:06:28.1717872-06:00" testType="13cdc9d9-ddb5-4fa4-a97d-d965ccfc6d4b" outcome="Passed" testListId="8c84fa94-04c1-424b-9868-57a2d4851a1d" relativeResultsDirectory="a465cc40-d60b-4da8-b238-197dbd45ab6e">
    </UnitTestResult>
    <UnitTestResult executionId="7bc7b47f-13cc-45e4-868c-738e037c9037" testId="8f327921-6561-e5da-1949-9b8c6a98b8dc" testName="MoveRightTest" computerName="VIETBEASTLAPTOP" duration="00:00:00.0002248" startTime="2012-02-14T15:06:28.1727873-06:00" endTime="2012-02-14T15:06:28.1757874-06:00" testType="13cdc9d9-ddb5-4fa4-a97d-d965ccfc6d4b" outcome="Passed" testListId="8c84fa94-04c1-424b-9868-57a2d4851a1d" relativeResultsDirectory="7bc7b47f-13cc-45e4-868c-738e037c9037">
    </UnitTestResult>
    <UnitTestResult executionId="cd566a47-bafc-456f-a5fc-4f4e0516c6a4" testId="462c57fc-d3b0-3ed4-1248-c27331ea02ed" testName="MoveUpTest" computerName="VIETBEASTLAPTOP" duration="00:00:00.0002290" startTime="2012-02-14T15:06:28.1767875-06:00" endTime="2012-02-14T15:06:28.1797877-06:00" testType="13cdc9d9-ddb5-4fa4-a97d-d965ccfc6d4b" outcome="Passed" testListId="8c84fa94-04c1-424b-9868-57a2d4851a1d" relativeResultsDirectory="cd566a47-bafc-456f-a5fc-4f4e0516c6a4">
    </UnitTestResult>
    <UnitTestResult executionId="43464d91-53ff-42f9-be6d-7e1521e4325c" testId="e238371f-898d-4127-1983-f6ab8f3b9c24" testName="MoveDownTest" computerName="VIETBEASTLAPTOP" duration="00:00:00.0002379" startTime="2012-02-14T15:06:28.1817878-06:00" endTime="2012-02-14T15:06:28.1857880-06:00" testType="13cdc9d9-ddb5-4fa4-a97d-d965ccfc6d4b" outcome="Passed" testListId="8c84fa94-04c1-424b-9868-57a2d4851a1d" relativeResultsDirectory="43464d91-53ff-42f9-be6d-7e1521e4325c">
    </UnitTestResult>
    <UnitTestResult executionId="843a8863-8d1b-4336-b99e-e312fd9899bf" testId="c339b4fb-778d-3306-7ea2-4edf321d3414" testName="LeftBoundaryTest" computerName="VIETBEASTLAPTOP" duration="00:00:00.0002211" startTime="2012-02-14T15:06:28.1877881-06:00" endTime="2012-02-14T15:06:28.1917883-06:00" testType="13cdc9d9-ddb5-4fa4-a97d-d965ccfc6d4b" outcome="Passed" testListId="8c84fa94-04c1-424b-9868-57a2d4851a1d" relativeResultsDirectory="843a8863-8d1b-4336-b99e-e312fd9899bf">
    </UnitTestResult>
    <UnitTestResult executionId="de04b473-5cb6-4b03-ae2a-c4c59abccc98" testId="929f2b1d-965a-da12-a9c6-365386852e1d" testName="RightBoundaryTest" computerName="VIETBEASTLAPTOP" duration="00:00:00.0003680" startTime="2012-02-14T15:06:28.1937885-06:00" endTime="2012-02-14T15:06:28.1967886-06:00" testType="13cdc9d9-ddb5-4fa4-a97d-d965ccfc6d4b" outcome="Passed" testListId="8c84fa94-04c1-424b-9868-57a2d4851a1d" relativeResultsDirectory="de04b473-5cb6-4b03-ae2a-c4c59abccc98">
    </UnitTestResult>
    <UnitTestResult executionId="1108235e-9262-4793-8ef7-21fa589c754d" testId="29e6c651-a0ee-5e25-292d-6af9fd614962" testName="TopBoundaryTest" computerName="VIETBEASTLAPTOP" duration="00:00:00.0003050" startTime="2012-02-14T15:06:28.1987887-06:00" endTime="2012-02-14T15:06:28.2017889-06:00" testType="13cdc9d9-ddb5-4fa4-a97d-d965ccfc6d4b" outcome="Passed" testListId="8c84fa94-04c1-424b-9868-57a2d4851a1d" relativeResultsDirectory="1108235e-9262-4793-8ef7-21fa589c754d">
    </UnitTestResult>
  </Results>
</TestRun>