<?xml version="1.0" encoding="UTF-8"?>
<TestRun id="12d4c2a5-ba79-4a1b-aee8-afdd9405e689" name="Sazan@VIETBEASTLAPTOP 2012-02-14 04:04:29" runUser="VietBeastLaptop\Sazan" xmlns="http://microsoft.com/schemas/VisualStudio/TeamTest/2010">
  <TestSettings name="Local" id="0cf157e1-6e26-4dd6-8238-f2896789c664">
    <Description>These are default test settings for a local test run.</Description>
    <Deployment enabled="false" runDeploymentRoot="Sazan_VIETBEASTLAPTOP 2012-02-14 04_04_29">
      <DeploymentItem filename="C:\Users\Sazan\Documents\Projects\Visual Studio\General\ProjectCow\ProjectCow\ProjectCow\bin\x86\Debug\ProjectCow.exe" />
    </Deployment>
    <Execution>
      <TestTypeSpecific />
      <AgentRule name="Execution Agents">
      </AgentRule>
    </Execution>
  </TestSettings>
  <Times creation="2012-02-14T04:04:29.4500063-06:00" queuing="2012-02-14T04:04:30.2240505-06:00" start="2012-02-14T04:04:30.2880542-06:00" finish="2012-02-14T04:04:40.9916664-06:00" />
  <ResultSummary outcome="Failed">
    <Counters total="9" executed="9" passed="8" error="0" failed="1" timeout="0" aborted="0" inconclusive="0" passedButRunAborted="0" notRunnable="0" notExecuted="0" disconnected="0" warning="0" completed="0" inProgress="0" pending="0" />
  </ResultSummary>
  <TestDefinitions>
    <UnitTest name="MoveDownTest" storage="c:\users\sazan\documents\projects\visual studio\general\projectcow\projectcowtest\bin\debug\projectcowtest.dll" id="e238371f-898d-4127-1983-f6ab8f3b9c24">
      <Execution id="d57a5a9c-fea4-4c7c-9f6d-d6450bb39969" />
      <TestMethod codeBase="C:/Users/Sazan/Documents/Projects/Visual Studio/General/ProjectCow/ProjectCowTest/bin/Debug/ProjectCowTest.DLL" adapterTypeName="Microsoft.VisualStudio.TestTools.TestTypes.Unit.UnitTestAdapter, Microsoft.VisualStudio.QualityTools.Tips.UnitTest.Adapter, Version=10.0.0.0, Culture=neutral, PublicKeyToken=b03f5f7f11d50a3a" className="ProjectCowTest.SpaceshipTest, ProjectCowTest, Version=1.0.0.0, Culture=neutral, PublicKeyToken=null" name="MoveDownTest" />
    </UnitTest>
    <UnitTest name="ProcessSpaceInputTest" storage="c:\users\sazan\documents\projects\visual studio\general\projectcow\projectcowtest\bin\debug\projectcowtest.dll" id="971df8d3-5efd-0f8b-84a8-29f8bc1a6742">
      <Execution id="97f97177-bba8-4e4e-baeb-9f612fea87cd" />
      <TestMethod codeBase="C:/Users/Sazan/Documents/Projects/Visual Studio/General/ProjectCow/ProjectCowTest/bin/Debug/ProjectCowTest.DLL" adapterTypeName="Microsoft.VisualStudio.TestTools.TestTypes.Unit.UnitTestAdapter, Microsoft.VisualStudio.QualityTools.Tips.UnitTest.Adapter, Version=10.0.0.0, Culture=neutral, PublicKeyToken=b03f5f7f11d50a3a" className="ProjectCowTest.SpaceshipTest, ProjectCowTest, Version=1.0.0.0, Culture=neutral, PublicKeyToken=null" name="ProcessSpaceInputTest" />
    </UnitTest>
    <UnitTest name="ProcessUpInputTest" storage="c:\users\sazan\documents\projects\visual studio\general\projectcow\projectcowtest\bin\debug\projectcowtest.dll" id="322579d5-724a-e283-0bb0-fbe3b0158b76">
      <Execution id="c2beea2b-6e88-4988-936c-2dd6c6ad54a3" />
      <TestMethod codeBase="C:/Users/Sazan/Documents/Projects/Visual Studio/General/ProjectCow/ProjectCowTest/bin/Debug/ProjectCowTest.DLL" adapterTypeName="Microsoft.VisualStudio.TestTools.TestTypes.Unit.UnitTestAdapter, Microsoft.VisualStudio.QualityTools.Tips.UnitTest.Adapter, Version=10.0.0.0, Culture=neutral, PublicKeyToken=b03f5f7f11d50a3a" className="ProjectCowTest.SpaceshipTest, ProjectCowTest, Version=1.0.0.0, Culture=neutral, PublicKeyToken=null" name="ProcessUpInputTest" />
    </UnitTest>
    <UnitTest name="MoveLeftTest" storage="c:\users\sazan\documents\projects\visual studio\general\projectcow\projectcowtest\bin\debug\projectcowtest.dll" id="d21f0c20-4809-e616-ccdf-616dc964b5c7">
      <Execution id="81b8c994-f1bc-447a-974f-057586919a9c" />
      <TestMethod codeBase="C:/Users/Sazan/Documents/Projects/Visual Studio/General/ProjectCow/ProjectCowTest/bin/Debug/ProjectCowTest.DLL" adapterTypeName="Microsoft.VisualStudio.TestTools.TestTypes.Unit.UnitTestAdapter, Microsoft.VisualStudio.QualityTools.Tips.UnitTest.Adapter, Version=10.0.0.0, Culture=neutral, PublicKeyToken=b03f5f7f11d50a3a" className="ProjectCowTest.SpaceshipTest, ProjectCowTest, Version=1.0.0.0, Culture=neutral, PublicKeyToken=null" name="MoveLeftTest" />
    </UnitTest>
    <UnitTest name="ProcessDownInputTest" storage="c:\users\sazan\documents\projects\visual studio\general\projectcow\projectcowtest\bin\debug\projectcowtest.dll" id="d5a35228-f171-a1a5-77f4-97a4d3808b67">
      <Execution id="8faa96a8-ab78-4e6d-a6a3-a3dcf716380f" />
      <TestMethod codeBase="C:/Users/Sazan/Documents/Projects/Visual Studio/General/ProjectCow/ProjectCowTest/bin/Debug/ProjectCowTest.DLL" adapterTypeName="Microsoft.VisualStudio.TestTools.TestTypes.Unit.UnitTestAdapter, Microsoft.VisualStudio.QualityTools.Tips.UnitTest.Adapter, Version=10.0.0.0, Culture=neutral, PublicKeyToken=b03f5f7f11d50a3a" className="ProjectCowTest.SpaceshipTest, ProjectCowTest, Version=1.0.0.0, Culture=neutral, PublicKeyToken=null" name="ProcessDownInputTest" />
    </UnitTest>
    <UnitTest name="ProcessRightInputTest" storage="c:\users\sazan\documents\projects\visual studio\general\projectcow\projectcowtest\bin\debug\projectcowtest.dll" id="2665cd88-0838-e1de-bed1-5898a7eed443">
      <Execution id="bb97fb7f-f9a2-4c0b-b9d7-f68130c1077c" />
      <TestMethod codeBase="C:/Users/Sazan/Documents/Projects/Visual Studio/General/ProjectCow/ProjectCowTest/bin/Debug/ProjectCowTest.DLL" adapterTypeName="Microsoft.VisualStudio.TestTools.TestTypes.Unit.UnitTestAdapter, Microsoft.VisualStudio.QualityTools.Tips.UnitTest.Adapter, Version=10.0.0.0, Culture=neutral, PublicKeyToken=b03f5f7f11d50a3a" className="ProjectCowTest.SpaceshipTest, ProjectCowTest, Version=1.0.0.0, Culture=neutral, PublicKeyToken=null" name="ProcessRightInputTest" />
    </UnitTest>
    <UnitTest name="MoveRightTest" storage="c:\users\sazan\documents\projects\visual studio\general\projectcow\projectcowtest\bin\debug\projectcowtest.dll" id="8f327921-6561-e5da-1949-9b8c6a98b8dc">
      <Execution id="1d184c9e-07d9-4939-a9a4-df6d68f82446" />
      <TestMethod codeBase="C:/Users/Sazan/Documents/Projects/Visual Studio/General/ProjectCow/ProjectCowTest/bin/Debug/ProjectCowTest.DLL" adapterTypeName="Microsoft.VisualStudio.TestTools.TestTypes.Unit.UnitTestAdapter, Microsoft.VisualStudio.QualityTools.Tips.UnitTest.Adapter, Version=10.0.0.0, Culture=neutral, PublicKeyToken=b03f5f7f11d50a3a" className="ProjectCowTest.SpaceshipTest, ProjectCowTest, Version=1.0.0.0, Culture=neutral, PublicKeyToken=null" name="MoveRightTest" />
    </UnitTest>
    <UnitTest name="MoveUpTest" storage="c:\users\sazan\documents\projects\visual studio\general\projectcow\projectcowtest\bin\debug\projectcowtest.dll" id="462c57fc-d3b0-3ed4-1248-c27331ea02ed">
      <Execution id="59b2e0ce-34cc-4850-97b3-c09a2b6d8b6f" />
      <TestMethod codeBase="C:/Users/Sazan/Documents/Projects/Visual Studio/General/ProjectCow/ProjectCowTest/bin/Debug/ProjectCowTest.DLL" adapterTypeName="Microsoft.VisualStudio.TestTools.TestTypes.Unit.UnitTestAdapter, Microsoft.VisualStudio.QualityTools.Tips.UnitTest.Adapter, Version=10.0.0.0, Culture=neutral, PublicKeyToken=b03f5f7f11d50a3a" className="ProjectCowTest.SpaceshipTest, ProjectCowTest, Version=1.0.0.0, Culture=neutral, PublicKeyToken=null" name="MoveUpTest" />
    </UnitTest>
    <UnitTest name="ProcessLeftInputTest" storage="c:\users\sazan\documents\projects\visual studio\general\projectcow\projectcowtest\bin\debug\projectcowtest.dll" id="4627ecc7-fc3c-a4cb-33f2-71102ed8b3f7">
      <Execution id="5d29093a-a261-49a9-af4e-a43f00da1c52" />
      <TestMethod codeBase="C:/Users/Sazan/Documents/Projects/Visual Studio/General/ProjectCow/ProjectCowTest/bin/Debug/ProjectCowTest.DLL" adapterTypeName="Microsoft.VisualStudio.TestTools.TestTypes.Unit.UnitTestAdapter, Microsoft.VisualStudio.QualityTools.Tips.UnitTest.Adapter, Version=10.0.0.0, Culture=neutral, PublicKeyToken=b03f5f7f11d50a3a" className="ProjectCowTest.SpaceshipTest, ProjectCowTest, Version=1.0.0.0, Culture=neutral, PublicKeyToken=null" name="ProcessLeftInputTest" />
    </UnitTest>
  </TestDefinitions>
  <TestLists>
    <TestList name="Results Not in a List" id="8c84fa94-04c1-424b-9868-57a2d4851a1d" />
    <TestList name="All Loaded Results" id="19431567-8539-422a-85d7-44ee4e166bda" />
  </TestLists>
  <TestEntries>
    <TestEntry testId="d21f0c20-4809-e616-ccdf-616dc964b5c7" executionId="81b8c994-f1bc-447a-974f-057586919a9c" testListId="8c84fa94-04c1-424b-9868-57a2d4851a1d" />
    <TestEntry testId="8f327921-6561-e5da-1949-9b8c6a98b8dc" executionId="1d184c9e-07d9-4939-a9a4-df6d68f82446" testListId="8c84fa94-04c1-424b-9868-57a2d4851a1d" />
    <TestEntry testId="462c57fc-d3b0-3ed4-1248-c27331ea02ed" executionId="59b2e0ce-34cc-4850-97b3-c09a2b6d8b6f" testListId="8c84fa94-04c1-424b-9868-57a2d4851a1d" />
    <TestEntry testId="e238371f-898d-4127-1983-f6ab8f3b9c24" executionId="d57a5a9c-fea4-4c7c-9f6d-d6450bb39969" testListId="8c84fa94-04c1-424b-9868-57a2d4851a1d" />
    <TestEntry testId="4627ecc7-fc3c-a4cb-33f2-71102ed8b3f7" executionId="5d29093a-a261-49a9-af4e-a43f00da1c52" testListId="8c84fa94-04c1-424b-9868-57a2d4851a1d" />
    <TestEntry testId="2665cd88-0838-e1de-bed1-5898a7eed443" executionId="bb97fb7f-f9a2-4c0b-b9d7-f68130c1077c" testListId="8c84fa94-04c1-424b-9868-57a2d4851a1d" />
    <TestEntry testId="322579d5-724a-e283-0bb0-fbe3b0158b76" executionId="c2beea2b-6e88-4988-936c-2dd6c6ad54a3" testListId="8c84fa94-04c1-424b-9868-57a2d4851a1d" />
    <TestEntry testId="d5a35228-f171-a1a5-77f4-97a4d3808b67" executionId="8faa96a8-ab78-4e6d-a6a3-a3dcf716380f" testListId="8c84fa94-04c1-424b-9868-57a2d4851a1d" />
    <TestEntry testId="971df8d3-5efd-0f8b-84a8-29f8bc1a6742" executionId="97f97177-bba8-4e4e-baeb-9f612fea87cd" testListId="8c84fa94-04c1-424b-9868-57a2d4851a1d" />
  </TestEntries>
  <Results>
    <UnitTestResult executionId="81b8c994-f1bc-447a-974f-057586919a9c" testId="d21f0c20-4809-e616-ccdf-616dc964b5c7" testName="MoveLeftTest" computerName="VIETBEASTLAPTOP" duration="00:00:00.0629896" startTime="2012-02-14T04:04:30.3230562-06:00" endTime="2012-02-14T04:04:30.9940946-06:00" testType="13cdc9d9-ddb5-4fa4-a97d-d965ccfc6d4b" outcome="Passed" testListId="8c84fa94-04c1-424b-9868-57a2d4851a1d" relativeResultsDirectory="81b8c994-f1bc-447a-974f-057586919a9c">
    </UnitTestResult>
    <UnitTestResult executionId="1d184c9e-07d9-4939-a9a4-df6d68f82446" testId="8f327921-6561-e5da-1949-9b8c6a98b8dc" testName="MoveRightTest" computerName="VIETBEASTLAPTOP" duration="00:00:00.0003629" startTime="2012-02-14T04:04:31.0030951-06:00" endTime="2012-02-14T04:04:31.0090954-06:00" testType="13cdc9d9-ddb5-4fa4-a97d-d965ccfc6d4b" outcome="Passed" testListId="8c84fa94-04c1-424b-9868-57a2d4851a1d" relativeResultsDirectory="1d184c9e-07d9-4939-a9a4-df6d68f82446">
    </UnitTestResult>
    <UnitTestResult executionId="59b2e0ce-34cc-4850-97b3-c09a2b6d8b6f" testId="462c57fc-d3b0-3ed4-1248-c27331ea02ed" testName="MoveUpTest" computerName="VIETBEASTLAPTOP" duration="00:00:00.0003428" startTime="2012-02-14T04:04:31.0130957-06:00" endTime="2012-02-14T04:04:31.0180960-06:00" testType="13cdc9d9-ddb5-4fa4-a97d-d965ccfc6d4b" outcome="Passed" testListId="8c84fa94-04c1-424b-9868-57a2d4851a1d" relativeResultsDirectory="59b2e0ce-34cc-4850-97b3-c09a2b6d8b6f">
    </UnitTestResult>
    <UnitTestResult executionId="d57a5a9c-fea4-4c7c-9f6d-d6450bb39969" testId="e238371f-898d-4127-1983-f6ab8f3b9c24" testName="MoveDownTest" computerName="VIETBEASTLAPTOP" duration="00:00:00.0003349" startTime="2012-02-14T04:04:31.0220962-06:00" endTime="2012-02-14T04:04:31.0260964-06:00" testType="13cdc9d9-ddb5-4fa4-a97d-d965ccfc6d4b" outcome="Passed" testListId="8c84fa94-04c1-424b-9868-57a2d4851a1d" relativeResultsDirectory="d57a5a9c-fea4-4c7c-9f6d-d6450bb39969">
    </UnitTestResult>
    <UnitTestResult executionId="5d29093a-a261-49a9-af4e-a43f00da1c52" testId="4627ecc7-fc3c-a4cb-33f2-71102ed8b3f7" testName="ProcessLeftInputTest" computerName="VIETBEASTLAPTOP" duration="00:00:00.0022037" startTime="2012-02-14T04:04:31.0300966-06:00" endTime="2012-02-14T04:04:31.0470976-06:00" testType="13cdc9d9-ddb5-4fa4-a97d-d965ccfc6d4b" outcome="Passed" testListId="8c84fa94-04c1-424b-9868-57a2d4851a1d" relativeResultsDirectory="5d29093a-a261-49a9-af4e-a43f00da1c52">
    </UnitTestResult>
    <UnitTestResult executionId="bb97fb7f-f9a2-4c0b-b9d7-f68130c1077c" testId="2665cd88-0838-e1de-bed1-5898a7eed443" testName="ProcessRightInputTest" computerName="VIETBEASTLAPTOP" duration="00:00:00.0003125" startTime="2012-02-14T04:04:31.0520979-06:00" endTime="2012-02-14T04:04:31.0560981-06:00" testType="13cdc9d9-ddb5-4fa4-a97d-d965ccfc6d4b" outcome="Passed" testListId="8c84fa94-04c1-424b-9868-57a2d4851a1d" relativeResultsDirectory="bb97fb7f-f9a2-4c0b-b9d7-f68130c1077c">
    </UnitTestResult>
    <UnitTestResult executionId="c2beea2b-6e88-4988-936c-2dd6c6ad54a3" testId="322579d5-724a-e283-0bb0-fbe3b0158b76" testName="ProcessUpInputTest" computerName="VIETBEASTLAPTOP" duration="00:00:00.0003083" startTime="2012-02-14T04:04:31.0600984-06:00" endTime="2012-02-14T04:04:31.0640986-06:00" testType="13cdc9d9-ddb5-4fa4-a97d-d965ccfc6d4b" outcome="Passed" testListId="8c84fa94-04c1-424b-9868-57a2d4851a1d" relativeResultsDirectory="c2beea2b-6e88-4988-936c-2dd6c6ad54a3">
    </UnitTestResult>
    <UnitTestResult executionId="8faa96a8-ab78-4e6d-a6a3-a3dcf716380f" testId="d5a35228-f171-a1a5-77f4-97a4d3808b67" testName="ProcessDownInputTest" computerName="VIETBEASTLAPTOP" duration="00:00:00.0003470" startTime="2012-02-14T04:04:31.0690989-06:00" endTime="2012-02-14T04:04:31.0730991-06:00" testType="13cdc9d9-ddb5-4fa4-a97d-d965ccfc6d4b" outcome="Passed" testListId="8c84fa94-04c1-424b-9868-57a2d4851a1d" relativeResultsDirectory="8faa96a8-ab78-4e6d-a6a3-a3dcf716380f">
    </UnitTestResult>
    <UnitTestResult executionId="97f97177-bba8-4e4e-baeb-9f612fea87cd" testId="971df8d3-5efd-0f8b-84a8-29f8bc1a6742" testName="ProcessSpaceInputTest" computerName="VIETBEASTLAPTOP" duration="00:00:09.8609909" startTime="2012-02-14T04:04:31.0770993-06:00" endTime="2012-02-14T04:04:40.9426636-06:00" testType="13cdc9d9-ddb5-4fa4-a97d-d965ccfc6d4b" outcome="Failed" testListId="8c84fa94-04c1-424b-9868-57a2d4851a1d" relativeResultsDirectory="97f97177-bba8-4e4e-baeb-9f612fea87cd">
      <Output>
        <ErrorInfo>
          <Message>Assert.IsTrue failed. </Message>
          <StackTrace>   at ProjectCowTest.SpaceshipTest.ProcessSpaceInputTest() in C:\Users\Sazan\Documents\Projects\Visual Studio\General\ProjectCow\ProjectCowTest\SpaceshipTest.cs:line 139
</StackTrace>
        </ErrorInfo>
      </Output>
    </UnitTestResult>
  </Results>
</TestRun>